Query: 1
  Nearest neighbor Reduced: 0
  Nearest neighbor LSH: 382
  Nearest neighbor True: 382
   distanceReduced:  0
   distanceLSH:  5802
   distanceTrue: 5802
  tReduced: 1.017
  tLSH: 5.912
  tTrue: 3.814
Query: 2
  Nearest neighbor Reduced: 1
  Nearest neighbor LSH: 382
  Nearest neighbor True: 382
   distanceReduced:  0
   distanceLSH:  6730
   distanceTrue: 6730
  tReduced: 0.979
  tLSH: 8.33
  tTrue: 4.877
Query: 3
  Nearest neighbor Reduced: 2
  Nearest neighbor LSH: 382
  Nearest neighbor True: 382
   distanceReduced:  0
   distanceLSH:  3767
   distanceTrue: 3767
  tReduced: 0.281
  tLSH: 8.317
  tTrue: 3.389
Query: 4
  Nearest neighbor Reduced: 3
  Nearest neighbor LSH: 382
  Nearest neighbor True: 382
   distanceReduced:  0
   distanceLSH:  6214
   distanceTrue: 6214
  tReduced: 0.985
  tLSH: 9.601
  tTrue: 4.589
Query: 5
  Nearest neighbor Reduced: 4
  Nearest neighbor LSH: 382
  Nearest neighbor True: 382
   distanceReduced:  0
   distanceLSH:  6405
   distanceTrue: 6405
  tReduced: 1.008
  tLSH: 7.457
  tTrue: 4.122
Query: 6
  Nearest neighbor Reduced: 5
  Nearest neighbor LSH: 382
  Nearest neighbor True: 382
   distanceReduced:  0
   distanceLSH:  3795
   distanceTrue: 3795
  tReduced: 1.075
  tLSH: 8.27
  tTrue: 3.33
Query: 7
  Nearest neighbor Reduced: 6
  Nearest neighbor LSH: 382
  Nearest neighbor True: 382
   distanceReduced:  0
   distanceLSH:  6752
   distanceTrue: 6752
  tReduced: 1.048
  tLSH: 7.499
  tTrue: 4.074
Query: 8
  Nearest neighbor Reduced: 7
  Nearest neighbor LSH: 382
  Nearest neighbor True: 382
   distanceReduced:  0
   distanceLSH:  5626
   distanceTrue: 5626
  tReduced: 1.078
  tLSH: 9.302
  tTrue: 4.07
Query: 9
  Nearest neighbor Reduced: 8
  Nearest neighbor LSH: 382
  Nearest neighbor True: 382
   distanceReduced:  0
   distanceLSH:  6804
   distanceTrue: 6804
  tReduced: 1.05
  tLSH: 9.672
  tTrue: 4.332
Query: 10
  Nearest neighbor Reduced: 9
  Nearest neighbor LSH: 382
  Nearest neighbor True: 382
   distanceReduced:  0
   distanceLSH:  6772
   distanceTrue: 6772
  tReduced: 0.946
  tLSH: 7.84
  tTrue: 4.279
